{
    "description": "description of provider",
    "email": "test@example.com",
    "name": "new provider name",
    "url": "https://www.example.com/meh"
}
