{
    "conversations": [
        {
            "conversation": "0000007c-0000-007f-0000-00730000000d"
        },
        {
            "conversation": "00000028-0000-0037-0000-000b00000016"
        },
        {
            "conversation": "00000021-0000-0064-0000-003900000002"
        },
        {
            "conversation": "00000064-0000-001f-0000-00350000001b"
        },
        {
            "conversation": "0000002d-0000-007b-0000-00770000003e"
        },
        {
            "conversation": "00000064-0000-0068-0000-007700000068"
        },
        {
            "conversation": "00000061-0000-000b-0000-00170000005c"
        },
        {
            "conversation": "0000005c-0000-0001-0000-004e00000003"
        },
        {
            "conversation": "00000008-0000-002b-0000-002d00000022"
        }
    ]
}
