{
    "conversations": [
        {
            "conversation": "00000007-0000-0017-0000-007500000074"
        },
        {
            "conversation": "0000003b-0000-0055-0000-003f00000059"
        }
    ]
}
