{
    "conversations": [
        {
            "conversation": "00000070-0000-007d-0000-001400000009"
        },
        {
            "conversation": "00000065-0000-0057-0000-00190000004a"
        },
        {
            "conversation": "00000049-0000-0030-0000-006b00000005"
        },
        {
            "conversation": "0000007c-0000-0065-0000-001100000066"
        },
        {
            "conversation": "00000057-0000-0039-0000-000400000071"
        },
        {
            "conversation": "0000003e-0000-0053-0000-007f0000003c"
        }
    ]
}
