{
    "conversations": [
        {
            "conversation": "00000046-0000-0026-0000-005600000014"
        },
        {
            "conversation": "0000006b-0000-0042-0000-002c00000074"
        },
        {
            "conversation": "0000006d-0000-006d-0000-006100000027"
        },
        {
            "conversation": "00000079-0000-0024-0000-004600000011"
        },
        {
            "conversation": "00000044-0000-0005-0000-003800000008"
        },
        {
            "conversation": "00000052-0000-005e-0000-00200000001a"
        },
        {
            "conversation": "00000009-0000-0038-0000-001b00000065"
        },
        {
            "conversation": "00000029-0000-0045-0000-004500000078"
        },
        {
            "conversation": "0000001e-0000-0036-0000-006400000045"
        },
        {
            "conversation": "00000050-0000-0066-0000-000500000075"
        }
    ]
}
